Archive member included to satisfy reference by file (symbol)

d:/coide/gccc/5.4 2016q3/bin/../lib/gcc/arm-none-eabi/5.4.1/../../../../arm-none-eabi/lib/armv7e-m\libg.a(lib_a-sprintf.o)
                              ..\obj\main.o (sprintf)
d:/coide/gccc/5.4 2016q3/bin/../lib/gcc/arm-none-eabi/5.4.1/../../../../arm-none-eabi/lib/armv7e-m\libg.a(lib_a-svfprintf.o)
                              d:/coide/gccc/5.4 2016q3/bin/../lib/gcc/arm-none-eabi/5.4.1/../../../../arm-none-eabi/lib/armv7e-m\libg.a(lib_a-sprintf.o) (_svfprintf_r)
d:/coide/gccc/5.4 2016q3/bin/../lib/gcc/arm-none-eabi/5.4.1/../../../../arm-none-eabi/lib/armv7e-m\libg.a(lib_a-dtoa.o)
                              d:/coide/gccc/5.4 2016q3/bin/../lib/gcc/arm-none-eabi/5.4.1/../../../../arm-none-eabi/lib/armv7e-m\libg.a(lib_a-svfprintf.o) (_dtoa_r)
d:/coide/gccc/5.4 2016q3/bin/../lib/gcc/arm-none-eabi/5.4.1/../../../../arm-none-eabi/lib/armv7e-m\libg.a(lib_a-impure.o)
                              d:/coide/gccc/5.4 2016q3/bin/../lib/gcc/arm-none-eabi/5.4.1/../../../../arm-none-eabi/lib/armv7e-m\libg.a(lib_a-sprintf.o) (_impure_ptr)
d:/coide/gccc/5.4 2016q3/bin/../lib/gcc/arm-none-eabi/5.4.1/../../../../arm-none-eabi/lib/armv7e-m\libg.a(lib_a-localeconv.o)
                              d:/coide/gccc/5.4 2016q3/bin/../lib/gcc/arm-none-eabi/5.4.1/../../../../arm-none-eabi/lib/armv7e-m\libg.a(lib_a-svfprintf.o) (_localeconv_r)
d:/coide/gccc/5.4 2016q3/bin/../lib/gcc/arm-none-eabi/5.4.1/../../../../arm-none-eabi/lib/armv7e-m\libg.a(lib_a-mallocr.o)
                              d:/coide/gccc/5.4 2016q3/bin/../lib/gcc/arm-none-eabi/5.4.1/../../../../arm-none-eabi/lib/armv7e-m\libg.a(lib_a-svfprintf.o) (_malloc_r)
d:/coide/gccc/5.4 2016q3/bin/../lib/gcc/arm-none-eabi/5.4.1/../../../../arm-none-eabi/lib/armv7e-m\libg.a(lib_a-memchr.o)
                              d:/coide/gccc/5.4 2016q3/bin/../lib/gcc/arm-none-eabi/5.4.1/../../../../arm-none-eabi/lib/armv7e-m\libg.a(lib_a-svfprintf.o) (memchr)
d:/coide/gccc/5.4 2016q3/bin/../lib/gcc/arm-none-eabi/5.4.1/../../../../arm-none-eabi/lib/armv7e-m\libg.a(lib_a-memcpy.o)
                              d:/coide/gccc/5.4 2016q3/bin/../lib/gcc/arm-none-eabi/5.4.1/../../../../arm-none-eabi/lib/armv7e-m\libg.a(lib_a-dtoa.o) (memcpy)
d:/coide/gccc/5.4 2016q3/bin/../lib/gcc/arm-none-eabi/5.4.1/../../../../arm-none-eabi/lib/armv7e-m\libg.a(lib_a-mlock.o)
                              d:/coide/gccc/5.4 2016q3/bin/../lib/gcc/arm-none-eabi/5.4.1/../../../../arm-none-eabi/lib/armv7e-m\libg.a(lib_a-mallocr.o) (__malloc_lock)
d:/coide/gccc/5.4 2016q3/bin/../lib/gcc/arm-none-eabi/5.4.1/../../../../arm-none-eabi/lib/armv7e-m\libg.a(lib_a-mprec.o)
                              d:/coide/gccc/5.4 2016q3/bin/../lib/gcc/arm-none-eabi/5.4.1/../../../../arm-none-eabi/lib/armv7e-m\libg.a(lib_a-dtoa.o) (_Balloc)
d:/coide/gccc/5.4 2016q3/bin/../lib/gcc/arm-none-eabi/5.4.1/../../../../arm-none-eabi/lib/armv7e-m\libg.a(lib_a-sbrkr.o)
                              d:/coide/gccc/5.4 2016q3/bin/../lib/gcc/arm-none-eabi/5.4.1/../../../../arm-none-eabi/lib/armv7e-m\libg.a(lib_a-mallocr.o) (_sbrk_r)
d:/coide/gccc/5.4 2016q3/bin/../lib/gcc/arm-none-eabi/5.4.1/../../../../arm-none-eabi/lib/armv7e-m\libg.a(lib_a-strlen.o)
                              d:/coide/gccc/5.4 2016q3/bin/../lib/gcc/arm-none-eabi/5.4.1/../../../../arm-none-eabi/lib/armv7e-m\libg.a(lib_a-svfprintf.o) (strlen)
d:/coide/gccc/5.4 2016q3/bin/../lib/gcc/arm-none-eabi/5.4.1/../../../../arm-none-eabi/lib/armv7e-m\libg.a(lib_a-svfiprintf.o)
                              d:/coide/gccc/5.4 2016q3/bin/../lib/gcc/arm-none-eabi/5.4.1/../../../../arm-none-eabi/lib/armv7e-m\libg.a(lib_a-svfprintf.o) (__ssprint_r)
d:/coide/gccc/5.4 2016q3/bin/../lib/gcc/arm-none-eabi/5.4.1/../../../../arm-none-eabi/lib/armv7e-m\libg.a(lib_a-callocr.o)
                              d:/coide/gccc/5.4 2016q3/bin/../lib/gcc/arm-none-eabi/5.4.1/../../../../arm-none-eabi/lib/armv7e-m\libg.a(lib_a-mprec.o) (_calloc_r)
d:/coide/gccc/5.4 2016q3/bin/../lib/gcc/arm-none-eabi/5.4.1/../../../../arm-none-eabi/lib/armv7e-m\libg.a(lib_a-freer.o)
                              d:/coide/gccc/5.4 2016q3/bin/../lib/gcc/arm-none-eabi/5.4.1/../../../../arm-none-eabi/lib/armv7e-m\libg.a(lib_a-mallocr.o) (_free_r)
d:/coide/gccc/5.4 2016q3/bin/../lib/gcc/arm-none-eabi/5.4.1/../../../../arm-none-eabi/lib/armv7e-m\libg.a(lib_a-locale.o)
                              d:/coide/gccc/5.4 2016q3/bin/../lib/gcc/arm-none-eabi/5.4.1/../../../../arm-none-eabi/lib/armv7e-m\libg.a(lib_a-localeconv.o) (__global_locale)
d:/coide/gccc/5.4 2016q3/bin/../lib/gcc/arm-none-eabi/5.4.1/../../../../arm-none-eabi/lib/armv7e-m\libg.a(lib_a-mbtowc_r.o)
                              d:/coide/gccc/5.4 2016q3/bin/../lib/gcc/arm-none-eabi/5.4.1/../../../../arm-none-eabi/lib/armv7e-m\libg.a(lib_a-locale.o) (__ascii_mbtowc)
d:/coide/gccc/5.4 2016q3/bin/../lib/gcc/arm-none-eabi/5.4.1/../../../../arm-none-eabi/lib/armv7e-m\libg.a(lib_a-memmove.o)
[...]
Memory Configuration

Name             Origin             Length             Attributes
rom              0x08000000         0x00100000         xr
ram              0x20000000         0x00020000         xrw
ram1             0x10000000         0x00010000         xrw
*default*        0x00000000         0xffffffff

Linker script and memory map

                0x20020000                _eram = 0x20020000

.text           0x08000000     0x492a
 *(.isr_vector)
 .isr_vector    0x08000000      0x188 ..\obj\startup_stm32f4xx.o
                0x08000000                g_pfnVectors
 *(.text*)
 .text.USB_OTG_EnableCommonInt
                0x08000188       0x44 ..\obj\usb_core.o
 .text.USB_OTG_CoreReset
                0x080001cc       0x90 ..\obj\usb_core.o
 .text.USB_OTG_WritePacket
                0x0800025c       0x74 ..\obj\usb_core.o
                0x0800025c                USB_OTG_WritePacket
 .text.USB_OTG_ReadPacket
                0x080002d0       0x58 ..\obj\usb_core.o
                0x080002d0                USB_OTG_ReadPacket
 .text.USB_OTG_SelectCore
                0x08000328      0x174 ..\obj\usb_core.o
                0x08000328                USB_OTG_SelectCore
 .text.USB_OTG_CoreInit
                0x0800049c      0x13c ..\obj\usb_core.o
                0x0800049c                USB_OTG_CoreInit
 .text.USB_OTG_EnableGlobalInt
                0x080005d8       0x34 ..\obj\usb_core.o
                0x080005d8                USB_OTG_EnableGlobalInt
 .text.USB_OTG_DisableGlobalInt
                0x0800060c       0x38 ..\obj\usb_core.o
                0x0800060c                USB_OTG_DisableGlobalInt
 .text.USB_OTG_FlushTxFifo
                0x08000644       0x74 ..\obj\usb_core.o
                0x08000644                USB_OTG_FlushTxFifo
 .text.USB_OTG_FlushRxFifo
                0x080006b8       0x60 ..\obj\usb_core.o
                0x080006b8                USB_OTG_FlushRxFifo
 .text.USB_OTG_SetCurrentMode
                0x08000718       0x60 ..\obj\usb_core.o
                0x08000718                USB_OTG_SetCurrentMode
 .text.USB_OTG_GetMode
                0x08000778       0x1c ..\obj\usb_core.o
                0x08000778                USB_OTG_GetMode
 .text.USB_OTG_IsDeviceMode
                0x08000794       0x24 ..\obj\usb_core.o
                0x08000794                USB_OTG_IsDeviceMode
 .text.USB_OTG_ReadCoreItr
                0x080007b8       0x2c ..\obj\usb_core.o
                0x080007b8                USB_OTG_ReadCoreItr
 .text.USB_OTG_InitDevSpeed
                0x080007e4       0x38 ..\obj\usb_core.o
                0x080007e4                USB_OTG_InitDevSpeed
 .text.USB_OTG_CoreInitDev
                0x0800081c      0x264 ..\obj\usb_core.o
                0x0800081c                USB_OTG_CoreInitDev
 .text.USB_OTG_EnableDevInt
                0x08000a80       0x98 ..\obj\usb_core.o
                0x08000a80                USB_OTG_EnableDevInt
 .text.USB_OTG_GetDeviceSpeed
                0x08000b18       0x48 ..\obj\usb_core.o
                0x08000b18                USB_OTG_GetDeviceSpeed
 .text.USB_OTG_EP0Activate
                0x08000b60       0x74 ..\obj\usb_core.o
                0x08000b60                USB_OTG_EP0Activate
 .text.USB_OTG_EPActivate
                0x08000bd4       0xdc ..\obj\usb_core.o
                0x08000bd4                USB_OTG_EPActivate
 .text.USB_OTG_EPDeactivate
                0x08000cb0       0x88 ..\obj\usb_core.o
                0x08000cb0                USB_OTG_EPDeactivate
 .text.USB_OTG_EPStartXfer
                0x08000d38      0x280 ..\obj\usb_core.o
                0x08000d38                USB_OTG_EPStartXfer
 .text.USB_OTG_EP0StartXfer
                0x08000fb8      0x1d4 ..\obj\usb_core.o
                0x08000fb8                USB_OTG_EP0StartXfer
 .text.USB_OTG_EPSetStall
                0x0800118c       0x84 ..\obj\usb_core.o
                0x0800118c                USB_OTG_EPSetStall
 .text.USB_OTG_EPClearStall
                0x08001210       0x74 ..\obj\usb_core.o
                0x08001210                USB_OTG_EPClearStall
 .text.USB_OTG_ReadDevAllOutEp_itr
                0x08001284       0x2c ..\obj\usb_core.o
                0x08001284                USB_OTG_ReadDevAllOutEp_itr
 .text.USB_OTG_ReadDevOutEP_itr
                0x080012b0       0x34 ..\obj\usb_core.o
                0x080012b0                USB_OTG_ReadDevOutEP_itr
 .text.USB_OTG_ReadDevAllInEPItr
                0x080012e4       0x2c ..\obj\usb_core.o
                0x080012e4                USB_OTG_ReadDevAllInEPItr
 .text.USB_OTG_EP0_OutStart
                0x08001310       0x70 ..\obj\usb_core.o
                0x08001310                USB_OTG_EP0_OutStart
 .text.USBD_USR_Init
                0x08001380       0x18 ..\obj\usbd_usr.o
                0x08001380                USBD_USR_Init
 .text.USBD_USR_DeviceReset
                0x08001398       0x20 ..\obj\usbd_usr.o
                0x08001398                USBD_USR_DeviceReset
 .text.USBD_USR_DeviceConfigured
                0x080013b8       0x18 ..\obj\usbd_usr.o
                0x080013b8                USBD_USR_DeviceConfigured
 .text.USBD_USR_DeviceSuspended
                0x080013d0       0x18 ..\obj\usbd_usr.o
                0x080013d0                USBD_USR_DeviceSuspended
 .text.USBD_USR_DeviceResumed
                0x080013e8       0x18 ..\obj\usbd_usr.o
                0x080013e8                USBD_USR_DeviceResumed
 .text.USBD_USR_DeviceConnected
                0x08001400       0x18 ..\obj\usbd_usr.o
                0x08001400                USBD_USR_DeviceConnected
 .text.USBD_USR_DeviceDisconnected
                0x08001418       0x18 ..\obj\usbd_usr.o
                0x08001418                USBD_USR_DeviceDisconnected
 .text.Default_Reset_Handler
                0x08001430       0x5c ..\obj\startup_stm32f4xx.o
                0x08001430                Default_Reset_Handler
                0x08001430                Reset_Handler
 .text.Default_Handler
                0x0800148c        0x8 ..\obj\startup_stm32f4xx.o
                0x0800148c                RTC_Alarm_IRQHandler
                0x0800148c                HASH_RNG_IRQHandler
                0x0800148c                EXTI2_IRQHandler
                0x0800148c                TIM8_CC_IRQHandler
                0x0800148c                DebugMon_Handler
                0x0800148c                TIM1_CC_IRQHandler
                0x0800148c                DMA2_Stream5_IRQHandler
                0x0800148c                HardFault_Handler
                0x0800148c                DMA1_Stream5_IRQHandler
                0x0800148c                SysTick_Handler
                0x0800148c                PVD_IRQHandler
                0x0800148c                SDIO_IRQHandler
                0x0800148c                TAMP_STAMP_IRQHandler
                0x0800148c                PendSV_Handler
                0x0800148c                NMI_Handler
                0x0800148c                CAN2_RX1_IRQHandler
                0x0800148c                EXTI3_IRQHandler
                0x0800148c                TIM8_TRG_COM_TIM14_IRQHandler
                0x0800148c                TIM1_UP_TIM10_IRQHandler
                0x0800148c                TIM8_UP_TIM13_IRQHandler
                0x0800148c                I2C3_ER_IRQHandler
                0x0800148c                EXTI0_IRQHandler
                0x0800148c                I2C2_EV_IRQHandler
                0x0800148c                DMA1_Stream2_IRQHandler
                0x0800148c                CAN1_RX0_IRQHandler
                0x0800148c                FPU_IRQHandler
                0x0800148c                OTG_HS_WKUP_IRQHandler
                0x0800148c                UsageFault_Handler
                0x0800148c                CAN2_SCE_IRQHandler
                0x0800148c                DMA2_Stream2_IRQHandler
                0x0800148c                SPI1_IRQHandler
                0x0800148c                TIM6_DAC_IRQHandler
                0x0800148c                TIM1_BRK_TIM9_IRQHandler
                0x0800148c                DCMI_IRQHandler
                0x0800148c                CAN2_RX0_IRQHandler
                0x0800148c                DMA2_Stream3_IRQHandler
                0x0800148c                USART6_IRQHandler
                0x0800148c                USART3_IRQHandler
                0x0800148c                CRYP_IRQHandler
                0x0800148c                CAN1_RX1_IRQHandler
                0x0800148c                UART5_IRQHandler
                0x0800148c                DMA2_Stream0_IRQHandler
                0x0800148c                TIM4_IRQHandler
                0x0800148c                I2C1_EV_IRQHandler
                0x0800148c                DMA1_Stream6_IRQHandler
                0x0800148c                DMA1_Stream1_IRQHandler
                0x0800148c                UART4_IRQHandler
                0x0800148c                TIM3_IRQHandler
                0x0800148c                RCC_IRQHandler
                0x0800148c                TIM8_BRK_TIM12_IRQHandler
                0x0800148c                EXTI15_10_IRQHandler
                0x0800148c                ADC_IRQHandler
                0x0800148c                DMA1_Stream7_IRQHandler
                0x0800148c                TIM7_IRQHandler
                0x0800148c                CAN2_TX_IRQHandler
                0x0800148c                TIM5_IRQHandler
                0x0800148c                DMA2_Stream7_IRQHandler
                0x0800148c                I2C3_EV_IRQHandler
                0x0800148c                EXTI9_5_IRQHandler
                0x0800148c                RTC_WKUP_IRQHandler
                0x0800148c                ETH_WKUP_IRQHandler
                0x0800148c                SPI2_IRQHandler
                0x0800148c                OTG_HS_EP1_IN_IRQHandler
                0x0800148c                MemManage_Handler
                0x0800148c                DMA1_Stream0_IRQHandler
                0x0800148c                CAN1_TX_IRQHandler
                0x0800148c                SVC_Handler
                0x0800148c                EXTI4_IRQHandler
                0x0800148c                FSMC_IRQHandler
                0x0800148c                ETH_IRQHandler
                0x0800148c                OTG_HS_EP1_OUT_IRQHandler
                0x0800148c                WWDG_IRQHandler
                0x0800148c                TIM2_IRQHandler
                0x0800148c                TIM1_TRG_COM_TIM11_IRQHandler
                0x0800148c                OTG_HS_IRQHandler
                0x0800148c                EXTI1_IRQHandler
                0x0800148c                USART2_IRQHandler
                0x0800148c                I2C2_ER_IRQHandler
                0x0800148c                DMA2_Stream1_IRQHandler
                0x0800148c                CAN1_SCE_IRQHandler
                0x0800148c                FLASH_IRQHandler
                0x0800148c                DMA2_Stream4_IRQHandler
                0x0800148c                BusFault_Handler
                0x0800148c                USART1_IRQHandler
                0x0800148c                SPI3_IRQHandler
                0x0800148c                DMA1_Stream4_IRQHandler
                0x0800148c                I2C1_ER_IRQHandler
                0x0800148c                DMA2_Stream6_IRQHandler
                0x0800148c                DMA1_Stream3_IRQHandler
 .text.USBD_Init
                0x08001494       0x58 ..\obj\usbd_core.o
                0x08001494                USBD_Init
 .text.USBD_DeInit
                0x080014ec       0x14 ..\obj\usbd_core.o
                0x080014ec                USBD_DeInit
 .text.USBD_SetupStage
                0x08001500       0x6c ..\obj\usbd_core.o
 .text.USBD_DataOutStage
                0x0800156c       0xcc ..\obj\usbd_core.o
 .text.USBD_DataInStage
                0x08001638      0x11c ..\obj\usbd_core.o
 .text.USBD_RunTestMode
                0x08001754       0x24 ..\obj\usbd_core.o
 .text.USBD_Reset
                0x08001778       0x44 ..\obj\usbd_core.o
 .text.USBD_Resume
                0x080017bc       0x30 ..\obj\usbd_core.o
 .text.USBD_Suspend
                0x080017ec       0x30 ..\obj\usbd_core.o
 .text.USBD_SOF
                0x0800181c       0x2c ..\obj\usbd_core.o
 .text.USBD_SetCfg
                0x08001848       0x30 ..\obj\usbd_core.o
                0x08001848                USBD_SetCfg
 .text.USBD_ClrCfg
                0x08001878       0x28 ..\obj\usbd_core.o
                0x08001878                USBD_ClrCfg
 .text.USBD_IsoINIncomplete
                0x080018a0       0x20 ..\obj\usbd_core.o
 .text.USBD_IsoOUTIncomplete
                0x080018c0       0x20 ..\obj\usbd_core.o
 .text.GetSector
                0x080018e0      0x13c ..\obj\main.o
                0x080018e0                GetSector
 .text.Flash_Program
                0x08001a1c      0x16c ..\obj\main.o
                0x08001a1c                Flash_Program
 .text.main     0x08001b88      0x1a0 ..\obj\main.o
                0x08001b88                main
 .text.RCC_HSEConfig
                0x08001d28       0x24 ..\obj\stm32f4xx_rcc.o
                0x08001d28                RCC_HSEConfig
 .text.RCC_WaitForHSEStartUp
                0x08001d4c       0x50 ..\obj\stm32f4xx_rcc.o
                0x08001d4c                RCC_WaitForHSEStartUp
 .text.RCC_AHB1PeriphClockCmd
                0x08001d9c       0x3c ..\obj\stm32f4xx_rcc.o
                0x08001d9c                RCC_AHB1PeriphClockCmd
 .text.RCC_AHB2PeriphClockCmd
                0x08001dd8       0x3c ..\obj\stm32f4xx_rcc.o
                0x08001dd8                RCC_AHB2PeriphClockCmd
 .text.RCC_APB2PeriphClockCmd
                0x08001e14       0x3c ..\obj\stm32f4xx_rcc.o
                0x08001e14                RCC_APB2PeriphClockCmd
 .text.RCC_GetFlagStatus
                0x08001e50       0x74 ..\obj\stm32f4xx_rcc.o
                0x08001e50                RCC_GetFlagStatus
 .text.USBD_USR_DeviceDescriptor
                0x08001ec4       0x24 ..\obj\usbd_desc.o
                0x08001ec4                USBD_USR_DeviceDescriptor
 .text.USBD_USR_LangIDStrDescriptor
                0x08001ee8       0x24 ..\obj\usbd_desc.o
                0x08001ee8                USBD_USR_LangIDStrDescriptor
 .text.USBD_USR_ProductStrDescriptor
                0x08001f0c       0x28 ..\obj\usbd_desc.o
                0x08001f0c                USBD_USR_ProductStrDescriptor
 .text.USBD_USR_ManufacturerStrDescriptor
                0x08001f34       0x28 ..\obj\usbd_desc.o
                0x08001f34                USBD_USR_ManufacturerStrDescriptor
 .text.USBD_USR_SerialStrDescriptor
                0x08001f5c       0x28 ..\obj\usbd_desc.o
                0x08001f5c                USBD_USR_SerialStrDescriptor
 .text.USBD_USR_ConfigStrDescriptor
                0x08001f84       0x28 ..\obj\usbd_desc.o
                0x08001f84                USBD_USR_ConfigStrDescriptor
 .text.USBD_USR_InterfaceStrDescriptor
                0x08001fac       0x28 ..\obj\usbd_desc.o
                0x08001fac                USBD_USR_InterfaceStrDescriptor
 .text.TM_USB_VCP_Init
                0x08001fd4       0x58 ..\obj\tm_stm32f4_usb_vcp.o
                0x08001fd4                TM_USB_VCP_Init
 .text.TM_USB_VCP_Send
                0x0800202c       0x1c ..\obj\tm_stm32f4_usb_vcp.o
                0x0800202c                TM_USB_VCP_Send
 .text.TM_INT_USB_VCP_AddReceived
                0x08002048       0x5c ..\obj\tm_stm32f4_usb_vcp.o
                0x08002048                TM_INT_USB_VCP_AddReceived
 .text.GPIO_Init
                0x080020a4      0x11c ..\obj\stm32f4xx_gpio.o
                0x080020a4                GPIO_Init
 .text.GPIO_Write
                0x080021c0       0x1c ..\obj\stm32f4xx_gpio.o
                0x080021c0                GPIO_Write
 .text.GPIO_PinAFConfig
                0x080021dc       0x90 ..\obj\stm32f4xx_gpio.o
                0x080021dc                GPIO_PinAFConfig
 .text.FLASH_Unlock
                0x0800226c       0x2c ..\obj\stm32f4xx_flash.o
                0x0800226c                FLASH_Unlock
 .text.FLASH_Lock
                0x08002298       0x1c ..\obj\stm32f4xx_flash.o
                0x08002298                FLASH_Lock
 .text.FLASH_EraseSector
                0x080022b4       0xc0 ..\obj\stm32f4xx_flash.o
                0x080022b4                FLASH_EraseSector
 .text.FLASH_ProgramWord
                0x08002374       0x68 ..\obj\stm32f4xx_flash.o
                0x08002374                FLASH_ProgramWord
 .text.FLASH_ClearFlag
                0x080023dc       0x1c ..\obj\stm32f4xx_flash.o
                0x080023dc                FLASH_ClearFlag
 .text.FLASH_GetStatus
                0x080023f8       0x68 ..\obj\stm32f4xx_flash.o
                0x080023f8                FLASH_GetStatus
 .text.FLASH_WaitForLastOperation
                0x08002460       0x30 ..\obj\stm32f4xx_flash.o
                0x08002460                FLASH_WaitForLastOperation
 .text.VCP_Init
                0x08002490       0x10 ..\obj\usbd_cdc_vcp.o
 .text.VCP_DeInit
                0x080024a0       0x10 ..\obj\usbd_cdc_vcp.o
 .text.VCP_Ctrl
                0x080024b0      0x15c ..\obj\usbd_cdc_vcp.o
 .text.VCP_DataTx
                0x0800260c       0x5c ..\obj\usbd_cdc_vcp.o
                0x0800260c                VCP_DataTx
 .text.VCP_DataRx
                0x08002668       0x38 ..\obj\usbd_cdc_vcp.o
                0x08002668                VCP_DataRx
 .text.SystemInit
                0x080026a0       0x5c ..\obj\system_stm32f4xx.o
                0x080026a0                SystemInit
 .text.SetSysClock
                0x080026fc       0xf4 ..\obj\system_stm32f4xx.o
 .text.USB_OTG_BSP_Init
                0x080027f0       0xb0 ..\obj\usb_bsp.o
                0x080027f0                USB_OTG_BSP_Init
 .text.USB_OTG_BSP_EnableInterrupt
                0x080028a0       0x34 ..\obj\usb_bsp.o
                0x080028a0                USB_OTG_BSP_EnableInterrupt
 .text.USB_OTG_BSP_uDelay
                0x080028d4       0x48 ..\obj\usb_bsp.o
                0x080028d4                USB_OTG_BSP_uDelay
 .text.USB_OTG_BSP_mDelay
                0x0800291c       0x20 ..\obj\usb_bsp.o
                0x0800291c                USB_OTG_BSP_mDelay
 .text.OTG_FS_WKUP_IRQHandler
                0x0800293c       0x10 ..\obj\usb_bsp.o
                0x0800293c                OTG_FS_WKUP_IRQHandler
 .text.OTG_FS_IRQHandler
                0x0800294c       0x14 ..\obj\usb_bsp.o
                0x0800294c                OTG_FS_IRQHandler
 .text.USBD_StdDevReq
                0x08002960       0xa0 ..\obj\usbd_req.o
                0x08002960                USBD_StdDevReq
 .text.USBD_StdItfReq
                0x08002a00       0x68 ..\obj\usbd_req.o
                0x08002a00                USBD_StdItfReq
 .text.USBD_StdEPReq
                0x08002a68      0x1b0 ..\obj\usbd_req.o
                0x08002a68                USBD_StdEPReq
 .text.USBD_GetDescriptor
                0x08002c18      0x1a8 ..\obj\usbd_req.o
 .text.USBD_SetAddress
                0x08002dc0       0x7c ..\obj\usbd_req.o
 .text.USBD_SetConfig
                0x08002e3c       0xf4 ..\obj\usbd_req.o
 .text.USBD_GetConfig
                0x08002f30       0x60 ..\obj\usbd_req.o
 .text.USBD_GetStatus
                0x08002f90       0x54 ..\obj\usbd_req.o
 .text.USBD_SetFeature
                0x08002fe4       0xd8 ..\obj\usbd_req.o
 .text.USBD_ClrFeature
                0x080030bc       0x50 ..\obj\usbd_req.o
 .text.USBD_ParseSetupRequest
                0x0800310c       0x90 ..\obj\usbd_req.o
                0x0800310c                USBD_ParseSetupRequest
 .text.USBD_CtlError
                0x0800319c       0x28 ..\obj\usbd_req.o
                0x0800319c                USBD_CtlError
 .text.USBD_GetString
                0x080031c4       0x88 ..\obj\usbd_req.o
                0x080031c4                USBD_GetString
 .text.USBD_GetLen
                0x0800324c       0x30 ..\obj\usbd_req.o
 .text.USBD_OTG_ISR_Handler
                0x0800327c      0x15c ..\obj\usb_dcd_int.o
                0x0800327c                USBD_OTG_ISR_Handler
 .text.DCD_HandleResume_ISR
                0x080033d8       0x80 ..\obj\usb_dcd_int.o
 .text.DCD_HandleUSBSuspend_ISR
                0x08003458       0xbc ..\obj\usb_dcd_int.o
 .text.DCD_HandleInEP_ISR
                0x08003514      0x19c ..\obj\usb_dcd_int.o
 .text.DCD_HandleOutEP_ISR
                0x080036b0      0x150 ..\obj\usb_dcd_int.o
 .text.DCD_HandleSof_ISR
                0x08003800       0x34 ..\obj\usb_dcd_int.o
 .text.DCD_HandleRxStatusQueueLevel_ISR
                0x08003834      0x104 ..\obj\usb_dcd_int.o
 .text.DCD_WriteEmptyTxFifo
                0x08003938       0xe4 ..\obj\usb_dcd_int.o
 .text.DCD_HandleUsbReset_ISR
                0x08003a1c      0x120 ..\obj\usb_dcd_int.o
 .text.DCD_HandleEnumDone_ISR
                0x08003b3c       0x78 ..\obj\usb_dcd_int.o
 .text.DCD_IsoINIncomplete_ISR
                0x08003bb4       0x34 ..\obj\usb_dcd_int.o
 .text.DCD_IsoOUTIncomplete_ISR
                0x08003be8       0x34 ..\obj\usb_dcd_int.o
 .text.DCD_ReadDevInEP
                0x08003c1c       0x50 ..\obj\usb_dcd_int.o
 .text.usbd_cdc_Init
                0x08003c6c       0x6c ..\obj\usbd_cdc_core.o
 .text.usbd_cdc_DeInit
                0x08003cd8       0x38 ..\obj\usbd_cdc_core.o
 .text.usbd_cdc_Setup
                0x08003d10      0x128 ..\obj\usbd_cdc_core.o
 .text.usbd_cdc_EP0_RxReady
                0x08003e38       0x40 ..\obj\usbd_cdc_core.o
 .text.usbd_cdc_DataIn
                0x08003e78       0x98 ..\obj\usbd_cdc_core.o
 .text.usbd_cdc_DataOut
                0x08003f10       0x4c ..\obj\usbd_cdc_core.o
 .text.usbd_cdc_SOF
                0x08003f5c       0x30 ..\obj\usbd_cdc_core.o
 .text.Handle_USBAsynchXfer
                0x08003f8c       0xd4 ..\obj\usbd_cdc_core.o
 .text.USBD_cdc_GetCfgDesc
                0x08004060       0x24 ..\obj\usbd_cdc_core.o
 .text.f4Disco_led_init
                0x08004084       0x44 ..\obj\F4DiscoBoard.o
                0x08004084                f4Disco_led_init
 .text.f4Disco_button_init
                0x080040c8       0x38 ..\obj\F4DiscoBoard.o
                0x080040c8                f4Disco_button_init
 .text.F4DiscoBoard_init
                0x08004100       0x10 ..\obj\F4DiscoBoard.o
                0x08004100                F4DiscoBoard_init
 .text.EXTI_ClearITPendingBit
                0x08004110       0x1c ..\obj\stm32f4xx_exti.o
                0x08004110                EXTI_ClearITPendingBit
 .text.NVIC_PriorityGroupConfig
                0x0800412c       0x24 ..\obj\misc.o
                0x0800412c                NVIC_PriorityGroupConfig
 .text.NVIC_Init
                0x08004150       0xc0 ..\obj\misc.o
                0x08004150                NVIC_Init
 .text.DCD_Init
                0x08004210      0x108 ..\obj\usb_dcd.o
                0x08004210                DCD_Init
 .text.DCD_EP_Open
                0x08004318       0xb0 ..\obj\usb_dcd.o
                0x08004318                DCD_EP_Open
 .text.DCD_EP_Close
                0x080043c8       0x78 ..\obj\usb_dcd.o
                0x080043c8                DCD_EP_Close
 .text.DCD_EP_PrepareRx
                0x08004440       0x84 ..\obj\usb_dcd.o
                0x08004440                DCD_EP_PrepareRx
 .text.DCD_EP_Tx
                0x080044c4       0x78 ..\obj\usb_dcd.o
                0x080044c4                DCD_EP_Tx
 .text.DCD_EP_Stall
                0x0800453c       0x7c ..\obj\usb_dcd.o
                0x0800453c                DCD_EP_Stall
 .text.DCD_EP_ClrStall
                0x080045b8       0x7c ..\obj\usb_dcd.o
                0x080045b8                DCD_EP_ClrStall
 .text.DCD_EP_SetAddress
                0x08004634       0x3c ..\obj\usb_dcd.o
                0x08004634                DCD_EP_SetAddress
 .text.USBD_CtlSendData
                0x08004670       0x40 ..\obj\usbd_ioreq.o
                0x08004670                USBD_CtlSendData
 .text.USBD_CtlContinueSendData
                0x080046b0       0x28 ..\obj\usbd_ioreq.o
                0x080046b0                USBD_CtlContinueSendData
 .text.USBD_CtlPrepareRx
                0x080046d8       0x40 ..\obj\usbd_ioreq.o
                0x080046d8                USBD_CtlPrepareRx
 .text.USBD_CtlContinueRx
                0x08004718       0x28 ..\obj\usbd_ioreq.o
                0x08004718                USBD_CtlContinueRx
 .text.USBD_CtlSendStatus
                0x08004740       0x30 ..\obj\usbd_ioreq.o
                0x08004740                USBD_CtlSendStatus
 .text.USBD_CtlReceiveStatus
                0x08004770       0x30 ..\obj\usbd_ioreq.o
                0x08004770                USBD_CtlReceiveStatus
 *(.init)
 *(.fini)
 *crtbegin.o(.ctors)
 *crtbegin?.o(.ctors)
 *(EXCLUDE_FILE(*crtend.o *crtend?.o) .ctors)
 *(SORT(.ctors.*))
 *(.ctors)
 *crtbegin.o(.dtors)
 *crtbegin?.o(.dtors)
 *(EXCLUDE_FILE(*crtend.o *crtend?.o) .dtors)
 *(SORT(.dtors.*))
 *(.dtors)
 *(.rodata*)
 .rodata        0x080047a0      0x128 ..\obj\main.o
 .rodata        0x080048c8       0x62 ..\obj\usbd_desc.o
 *(.eh_fram e*)

.glue_7         0x0800492c        0x0
 .glue_7        0x0800492c        0x0 linker stubs

.glue_7t        0x0800492c        0x0
 .glue_7t       0x0800492c        0x0 linker stubs

.vfp11_veneer   0x0800492c        0x0
 .vfp11_veneer  0x0800492c        0x0 linker stubs

.v4_bx          0x0800492c        0x0
 .v4_bx         0x0800492c        0x0 linker stubs

.iplt           0x0800492c        0x0
 .iplt          0x0800492c        0x0 ..\obj\usb_core.o

.rel.dyn        0x0800492c        0x0
 .rel.iplt      0x0800492c        0x0 ..\obj\usb_core.o

.ARM.extab
 *(.ARM.extab* .gnu.linkonce.armextab.*)
                0x0800492c                __exidx_start = .

.ARM.exidx
 *(.ARM.exidx* .gnu.linkonce.armexidx.*)
                0x0800492c                __exidx_end = .
                0x0800492c                __etext = .
                0x0800492a                _sidata = __etext

.data           0x20000000      0x120 load address 0x0800492a
                0x20000000                __data_start__ = .
                0x20000000                _sdata = __data_start__
 *(vtable)
 *(.data*)
 .data          0x20000000       0x20 ..\obj\usbd_usr.o
                0x20000000                TM_USB_VCP_INT_Status
                0x20000004                USR_cb
 .data          0x20000020       0x30 ..\obj\usbd_core.o
                0x20000020                USBD_DCD_INT_cb
                0x2000004c                USBD_DCD_INT_fops
 .data          0x20000050       0x40 ..\obj\usbd_desc.o
                0x20000050                USR_desc
                0x2000006c                USBD_DeviceDesc
                0x20000080                USBD_DeviceQualifierDesc
                0x2000008c                USBD_LangIDDesc
 .data          0x20000090       0x1c ..\obj\usbd_cdc_vcp.o
                0x20000090                linecoding
                0x20000098                VCP_fops
 .data          0x200000ac       0x74 ..\obj\usbd_cdc_core.o
                0x200000ac                usbd_cdc_CfgDesc
                0x200000f4                USBD_CDC_cb
                0x20000120                . = ALIGN (0x4)
                [!provide]                PROVIDE (__preinit_array_start, .)
 *(.preinit_array)
                [!provide]                PROVIDE (__preinit_array_end, .)
                0x20000120                . = ALIGN (0x4)
                [!provide]                PROVIDE (__init_array_start, .)
 *(SORT(.init_array.*))
 *(.init_array)
                [!provide]                PROVIDE (__init_array_end, .)
                0x20000120                . = ALIGN (0x4)
                [!provide]                PROVIDE (__fini_array_start, .)
 *(SORT(.fini_array.*))
 *(.fini_array)
                [!provide]                PROVIDE (__fini_array_end, .)
 *(.jcr*)
                0x20000120                . = ALIGN (0x4)
                0x20000120                __data_end__ = .
                0x20000120                _edata = __data_end__

.igot.plt       0x20000120        0x0 load address 0x08004a4c
 .igot.plt      0x20000120        0x0 ..\obj\usb_core.o

.bss            0x20000120     0x109c load address 0x08004a4c
                0x20000120                . = ALIGN (0x4)
                0x20000120                __bss_start__ = .
                0x20000120                _sbss = __bss_start__
 *(.bss*)
 .bss           0x20000120       0x18 ..\obj\main.o
                0x20000120                StartSector
                0x20000124                EndSector
                0x20000128                Address
                0x2000012c                SectorCounter
                0x20000130                data32
                0x20000134                MemoryProgramStatus
 .bss           0x20000138        0x1 ..\obj\tm_stm32f4_usb_vcp.o
                0x20000138                TM_USB_VCP_INT_Init
 *fill*         0x20000139        0x3 
 .bss           0x2000013c        0xd ..\obj\usbd_req.o
                0x2000013c                USBD_ep_status
                0x20000140                USBD_default_cfg
                0x20000144                USBD_cfg_status
 *fill*         0x20000149        0x3 
 .bss           0x2000014c       0x1c ..\obj\usbd_cdc_core.o
                0x20000150                APP_Rx_ptr_in
                0x20000154                APP_Rx_ptr_out
                0x20000158                APP_Rx_length
                0x2000015c                USB_Tx_State
 *(COMMON)
 COMMON         0x20000168        0x4 ..\obj\usbd_core.o
                0x20000168                SET_TEST_MODE
 COMMON         0x2000016c       0x44 ..\obj\main.o
                0x2000016c                bacalah
                0x2000018c                buff
                0x20000190                Walls
 COMMON         0x200001b0      0x680 ..\obj\tm_stm32f4_usb_vcp.o
                0x200001b0                tm_int_usb_vcp_buf_in
                0x200001b4                tm_int_usb_vcp_buf_num
                0x200001b8                tm_int_usb_vcp_buf_out
                0x200001bc                TM_INT_USB_VCP_ReceiveBuffer
                0x2000023c                USB_OTG_dev
 COMMON         0x20000830       0xff ..\obj\usbd_req.o
                0x20000830                USBD_StrDesc
 *fill*         0x2000092f        0x1 
 COMMON         0x20000930      0x88c ..\obj\usbd_cdc_core.o
                0x20000930                usbd_cdc_OtherCfgDesc
                0x20000974                USB_Rx_Buffer
                0x200009b4                CmdBuff
                0x200009bc                APP_Rx_Buffer
                0x200011bc                . = ALIGN (0x4)
                0x200011bc                __bss_end__ = .
                0x200011bc                _ebss = __bss_end__

.heap           0x200011bc        0x0
                0x200011bc                __end__ = .
                0x200011bc                _end = __end__
                0x200011bc                end = __end__
 *(.heap*)
                0x200011bc                __HeapLimit = .

.co_stack       0x200011bc      0x804 load address 0x08005ae8
                0x200011c0                . = ALIGN (0x8)
 *fill*         0x200011bc        0x4 
 *(.co_stack .co_stack.*)
 .co_stack      0x200011c0      0x800 ..\obj\startup_stm32f4xx.o
                0x200011c0                pulStack
                0x20020000                __StackTop = (ORIGIN (ram) + LENGTH (ram))
                0x2001f7fc                __StackLimit = (__StackTop - SIZEOF (.co_stack))
                [!provide]                PROVIDE (__stack, __StackTop)
                0x00000001                ASSERT ((__StackLimit >= __HeapLimit), region ram  overflowed with stack)
LOAD ..\obj\usb_core.o
LOAD ..\obj\usbd_usr.o
LOAD ..\obj\stm32f4xx_usart.o
LOAD ..\obj\startup_stm32f4xx.o
LOAD ..\obj\usbd_core.o
LOAD ..\obj\main.o
LOAD ..\obj\stm32f4xx_rcc.o
LOAD ..\obj\usbd_desc.o
LOAD ..\obj\tm_stm32f4_usb_vcp.o
LOAD ..\obj\stm32f4xx_gpio.o
LOAD ..\obj\stm32f4xx_flash.o
LOAD ..\obj\usbd_cdc_vcp.o
LOAD ..\obj\system_stm32f4xx.o
LOAD ..\obj\syscalls.o
LOAD ..\obj\usb_bsp.o
LOAD ..\obj\usbd_req.o
LOAD ..\obj\usb_dcd_int.o
LOAD ..\obj\usbd_cdc_core.o
LOAD ..\obj\F4DiscoBoard.o
LOAD ..\obj\stm32f4xx_exti.o
LOAD ..\obj\misc.o
LOAD ..\obj\usb_dcd.o
LOAD ..\obj\usbd_ioreq.o
START GROUP
LOAD d:/coide/gccc/5.4 2016q3/bin/../lib/gcc/arm-none-eabi/5.4.1/armv7e-m\libgcc.a
LOAD d:/coide/gccc/5.4 2016q3/bin/../lib/gcc/arm-none-eabi/5.4.1/../../../../arm-none-eabi/lib/armv7e-m\libg.a
LOAD d:/coide/gccc/5.4 2016q3/bin/../lib/gcc/arm-none-eabi/5.4.1/../../../../arm-none-eabi/lib/armv7e-m\libc.a
END GROUP
OUTPUT(vcp.elf elf32-littlearm)

.debug_info     0x00000000     0xe95b
 .debug_info    0x00000000     0x24b2 ..\obj\usb_core.o
 .debug_info    0x000024b2      0x251 ..\obj\usbd_usr.o
 .debug_info    0x00002703       0xf2 ..\obj\startup_stm32f4xx.o
 .debug_info    0x000027f5     0x100d ..\obj\usbd_core.o
 .debug_info    0x00003802      0x678 ..\obj\main.o
 .debug_info    0x00003e7a      0xc63 ..\obj\stm32f4xx_rcc.o
 .debug_info    0x00004add      0x36f ..\obj\usbd_desc.o
 .debug_info    0x00004e4c      0xe92 ..\obj\tm_stm32f4_usb_vcp.o
 .debug_info    0x00005cde      0x61a ..\obj\stm32f4xx_gpio.o
 .debug_info    0x000062f8      0x727 ..\obj\stm32f4xx_flash.o
 .debug_info    0x00006a1f      0x32e ..\obj\usbd_cdc_vcp.o
 .debug_info    0x00006d4d      0x5c5 ..\obj\system_stm32f4xx.o
 .debug_info    0x00007312     0x102b ..\obj\usb_bsp.o
 .debug_info    0x0000833d     0x1002 ..\obj\usbd_req.o
 .debug_info    0x0000933f     0x1de8 ..\obj\usb_dcd_int.o
 .debug_info    0x0000b127      0xf39 ..\obj\usbd_cdc_core.o
 .debug_info    0x0000c060      0x2ea ..\obj\F4DiscoBoard.o
 .debug_info    0x0000c34a      0x357 ..\obj\stm32f4xx_exti.o
 .debug_info    0x0000c6a1      0x556 ..\obj\misc.o
 .debug_info    0x0000cbf7     0x1066 ..\obj\usb_dcd.o
 .debug_info    0x0000dc5d      0xcfe ..\obj\usbd_ioreq.o

.debug_abbrev   0x00000000     0x2563
 .debug_abbrev  0x00000000      0x2ed ..\obj\usb_core.o
 .debug_abbrev  0x000002ed      0x111 ..\obj\usbd_usr.o
 .debug_abbrev  0x000003fe       0xb0 ..\obj\startup_stm32f4xx.o
 .debug_abbrev  0x000004ae      0x279 ..\obj\usbd_core.o
 .debug_abbrev  0x00000727      0x1e6 ..\obj\main.o
 .debug_abbrev  0x0000090d      0x1e5 ..\obj\stm32f4xx_rcc.o
 .debug_abbrev  0x00000af2      0x103 ..\obj\usbd_desc.o
 .debug_abbrev  0x00000bf5      0x216 ..\obj\tm_stm32f4_usb_vcp.o
 .debug_abbrev  0x00000e0b      0x1a7 ..\obj\stm32f4xx_gpio.o
 .debug_abbrev  0x00000fb2      0x1b2 ..\obj\stm32f4xx_flash.o
 .debug_abbrev  0x00001164      0x17d ..\obj\usbd_cdc_vcp.o
 .debug_abbrev  0x000012e1      0x138 ..\obj\system_stm32f4xx.o
 .debug_abbrev  0x00001419      0x213 ..\obj\usb_bsp.o
 .debug_abbrev  0x0000162c      0x2a8 ..\obj\usbd_req.o
 .debug_abbrev  0x000018d4      0x25f ..\obj\usb_dcd_int.o
 .debug_abbrev  0x00001b33      0x219 ..\obj\usbd_cdc_core.o
 .debug_abbrev  0x00001d4c      0x117 ..\obj\F4DiscoBoard.o
 .debug_abbrev  0x00001e63      0x1a9 ..\obj\stm32f4xx_exti.o
 .debug_abbrev  0x0000200c      0x147 ..\obj\misc.o
 .debug_abbrev  0x00002153      0x25d ..\obj\usb_dcd.o
 .debug_abbrev  0x000023b0      0x1b3 ..\obj\usbd_ioreq.o

.debug_aranges  0x00000000      0xa28
 .debug_aranges
                0x00000000      0x138 ..\obj\usb_core.o
 .debug_aranges
                0x00000138       0x58 ..\obj\usbd_usr.o
 .debug_aranges
                0x00000190       0x28 ..\obj\startup_stm32f4xx.o
 .debug_aranges
                0x000001b8       0x88 ..\obj\usbd_core.o
 .debug_aranges
                0x00000240       0x60 ..\obj\main.o
 .debug_aranges
                0x000002a0      0x178 ..\obj\stm32f4xx_rcc.o
 .debug_aranges
                0x00000418       0x50 ..\obj\usbd_desc.o
 .debug_aranges
                0x00000468       0x78 ..\obj\tm_stm32f4_usb_vcp.o
 .debug_aranges
                0x000004e0       0x88 ..\obj\stm32f4xx_gpio.o
 .debug_aranges
                0x00000568      0x108 ..\obj\stm32f4xx_flash.o
 .debug_aranges
                0x00000670       0x40 ..\obj\usbd_cdc_vcp.o
 .debug_aranges
                0x000006b0       0x30 ..\obj\system_stm32f4xx.o
 .debug_aranges
                0x000006e0       0x48 ..\obj\usb_bsp.o
 .debug_aranges
                0x00000728       0x88 ..\obj\usbd_req.o
 .debug_aranges
                0x000007b0       0x80 ..\obj\usb_dcd_int.o
 .debug_aranges
                0x00000830       0x60 ..\obj\usbd_cdc_core.o
 .debug_aranges
                0x00000890       0x30 ..\obj\F4DiscoBoard.o
 .debug_aranges
                0x000008c0       0x58 ..\obj\stm32f4xx_exti.o
 .debug_aranges
                0x00000918       0x40 ..\obj\misc.o
 .debug_aranges
                0x00000958       0x80 ..\obj\usb_dcd.o
 .debug_aranges
                0x000009d8       0x50 ..\obj\usbd_ioreq.o

.debug_ranges   0x00000000      0x8d8
 .debug_ranges  0x00000000      0x128 ..\obj\usb_core.o
 .debug_ranges  0x00000128       0x48 ..\obj\usbd_usr.o
 .debug_ranges  0x00000170       0x18 ..\obj\startup_stm32f4xx.o
 .debug_ranges  0x00000188       0x78 ..\obj\usbd_core.o
 .debug_ranges  0x00000200       0x50 ..\obj\main.o
 .debug_ranges  0x00000250      0x168 ..\obj\stm32f4xx_rcc.o
 .debug_ranges  0x000003b8       0x40 ..\obj\usbd_desc.o
 .debug_ranges  0x000003f8       0x68 ..\obj\tm_stm32f4_usb_vcp.o
 .debug_ranges  0x00000460       0x78 ..\obj\stm32f4xx_gpio.o
 .debug_ranges  0x000004d8       0xf8 ..\obj\stm32f4xx_flash.o
 .debug_ranges  0x000005d0       0x30 ..\obj\usbd_cdc_vcp.o
 .debug_ranges  0x00000600       0x20 ..\obj\system_stm32f4xx.o
 .debug_ranges  0x00000620       0x38 ..\obj\usb_bsp.o
 .debug_ranges  0x00000658       0x78 ..\obj\usbd_req.o
 .debug_ranges  0x000006d0       0x70 ..\obj\usb_dcd_int.o
 .debug_ranges  0x00000740       0x50 ..\obj\usbd_cdc_core.o
 .debug_ranges  0x00000790       0x20 ..\obj\F4DiscoBoard.o
 .debug_ranges  0x000007b0       0x48 ..\obj\stm32f4xx_exti.o
 .debug_ranges  0x000007f8       0x30 ..\obj\misc.o
 .debug_ranges  0x00000828       0x70 ..\obj\usb_dcd.o
 .debug_ranges  0x00000898       0x40 ..\obj\usbd_ioreq.o

.debug_line     0x00000000     0x39ba
 .debug_line    0x00000000      0x685 ..\obj\usb_core.o
 .debug_line    0x00000685      0x1d3 ..\obj\usbd_usr.o
 .debug_line    0x00000858       0x8d ..\obj\startup_stm32f4xx.o
 .debug_line    0x000008e5      0x2d2 ..\obj\usbd_core.o
 .debug_line    0x00000bb7      0x3f8 ..\obj\main.o
 .debug_line    0x00000faf      0x535 ..\obj\stm32f4xx_rcc.o
 .debug_line    0x000014e4      0x1b0 ..\obj\usbd_desc.o
 .debug_line    0x00001694      0x2ec ..\obj\tm_stm32f4_usb_vcp.o
 .debug_line    0x00001980      0x2f0 ..\obj\stm32f4xx_gpio.o
 .debug_line    0x00001c70      0x410 ..\obj\stm32f4xx_flash.o
 .debug_line    0x00002080      0x1d4 ..\obj\usbd_cdc_vcp.o
 .debug_line    0x00002254      0x19a ..\obj\system_stm32f4xx.o
 .debug_line    0x000023ee      0x228 ..\obj\usb_bsp.o
 .debug_line    0x00002616      0x3a0 ..\obj\usbd_req.o
 .debug_line    0x000029b6      0x35e ..\obj\usb_dcd_int.o
 .debug_line    0x00002d14      0x245 ..\obj\usbd_cdc_core.o
 .debug_line    0x00002f59      0x1b0 ..\obj\F4DiscoBoard.o
 .debug_line    0x00003109      0x231 ..\obj\stm32f4xx_exti.o
 .debug_line    0x0000333a      0x1ce ..\obj\misc.o
 .debug_line    0x00003508      0x2e4 ..\obj\usb_dcd.o
 .debug_line    0x000037ec      0x1ce ..\obj\usbd_ioreq.o

.debug_str      0x00000000     0x3cdf
 .debug_str     0x00000000     0x136c ..\obj\usb_core.o
                               0x16af (size before relaxing)
 .debug_str     0x0000136c      0x1ea ..\obj\usbd_usr.o
                                0x3e3 (size before relaxing)
 .debug_str     0x00001556       0x9c ..\obj\startup_stm32f4xx.o
                                0x133 (size before relaxing)
 .debug_str     0x000015f2      0x1a7 ..\obj\usbd_core.o
                                0xbc7 (size before relaxing)
 .debug_str     0x00001799      0x1f9 ..\obj\main.o
                                0x3b5 (size before relaxing)
 .debug_str     0x00001992      0x69a ..\obj\stm32f4xx_rcc.o
                                0x83c (size before relaxing)
 .debug_str     0x0000202c      0x15c ..\obj\usbd_desc.o
                                0x3b5 (size before relaxing)
 .debug_str     0x00002188      0x24a ..\obj\tm_stm32f4_usb_vcp.o
                                0xc8a (size before relaxing)
 .debug_str     0x000023d2      0x2db ..\obj\stm32f4xx_gpio.o
                                0x48f (size before relaxing)
 .debug_str     0x000026ad      0x333 ..\obj\stm32f4xx_flash.o
                                0x57e (size before relaxing)
 .debug_str     0x000029e0       0xec ..\obj\usbd_cdc_vcp.o
                                0x2e8 (size before relaxing)
 .debug_str     0x00002acc       0xe8 ..\obj\system_stm32f4xx.o
                                0x396 (size before relaxing)
 .debug_str     0x00002bb4      0x659 ..\obj\usb_bsp.o
                               0x1120 (size before relaxing)
 .debug_str     0x0000320d      0x164 ..\obj\usbd_req.o
                                0xb53 (size before relaxing)
 .debug_str     0x00003371      0x294 ..\obj\usb_dcd_int.o
                               0x1324 (size before relaxing)
 .debug_str     0x00003605      0x18c ..\obj\usbd_cdc_core.o
                                0xb62 (size before relaxing)
 .debug_str     0x00003791       0x6d ..\obj\F4DiscoBoard.o
                                0x364 (size before relaxing)
 .debug_str     0x000037fe      0x1c6 ..\obj\stm32f4xx_exti.o
                                0x345 (size before relaxing)
 .debug_str     0x000039c4      0x14d ..\obj\misc.o
                                0x3ba (size before relaxing)
 .debug_str     0x00003b11      0x10a ..\obj\usb_dcd.o
                                0xb77 (size before relaxing)
 .debug_str     0x00003c1b       0xc4 ..\obj\usbd_ioreq.o
                                0xa03 (size before relaxing)

.comment        0x00000000       0x6e
 .comment       0x00000000       0x6e ..\obj\usb_core.o
                                 0x6f (size before relaxing)
 .comment       0x0000006e       0x6f ..\obj\usbd_usr.o
 .comment       0x0000006e       0x6f ..\obj\startup_stm32f4xx.o
 .comment       0x0000006e       0x6f ..\obj\usbd_core.o
 .comment       0x0000006e       0x6f ..\obj\main.o
 .comment       0x0000006e       0x6f ..\obj\stm32f4xx_rcc.o
 .comment       0x0000006e       0x6f ..\obj\usbd_desc.o
 .comment       0x0000006e       0x6f ..\obj\tm_stm32f4_usb_vcp.o
 .comment       0x0000006e       0x6f ..\obj\stm32f4xx_gpio.o
 .comment       0x0000006e       0x6f ..\obj\stm32f4xx_flash.o
 .comment       0x0000006e       0x6f ..\obj\usbd_cdc_vcp.o
 .comment       0x0000006e       0x6f ..\obj\system_stm32f4xx.o
 .comment       0x0000006e       0x6f ..\obj\usb_bsp.o
 .comment       0x0000006e       0x6f ..\obj\usbd_req.o
 .comment       0x0000006e       0x6f ..\obj\usb_dcd_int.o
 .comment       0x0000006e       0x6f ..\obj\usbd_cdc_core.o
 .comment       0x0000006e       0x6f ..\obj\F4DiscoBoard.o
 .comment       0x0000006e       0x6f ..\obj\stm32f4xx_exti.o
 .comment       0x0000006e       0x6f ..\obj\misc.o
 .comment       0x0000006e       0x6f ..\obj\usb_dcd.o
 .comment       0x0000006e       0x6f ..\obj\usbd_ioreq.o

.ARM.attributes
                0x00000000       0x31
 .ARM.attributes
                0x00000000       0x33 ..\obj\usb_core.o
 .ARM.attributes
                0x00000033       0x33 ..\obj\usbd_usr.o
 .ARM.attributes
                0x00000066       0x33 ..\obj\startup_stm32f4xx.o
 .ARM.attributes
                0x00000099       0x33 ..\obj\usbd_core.o
 .ARM.attributes
                0x000000cc       0x33 ..\obj\main.o
 .ARM.attributes
                0x000000ff       0x33 ..\obj\stm32f4xx_rcc.o
 .ARM.attributes
                0x00000132       0x33 ..\obj\usbd_desc.o
 .ARM.attributes
                0x00000165       0x33 ..\obj\tm_stm32f4_usb_vcp.o
 .ARM.attributes
                0x00000198       0x33 ..\obj\stm32f4xx_gpio.o
 .ARM.attributes
                0x000001cb       0x33 ..\obj\stm32f4xx_flash.o
 .ARM.attributes
                0x000001fe       0x33 ..\obj\usbd_cdc_vcp.o
 .ARM.attributes
                0x00000231       0x33 ..\obj\system_stm32f4xx.o
 .ARM.attributes
                0x00000264       0x33 ..\obj\usb_bsp.o
 .ARM.attributes
                0x00000297       0x33 ..\obj\usbd_req.o
 .ARM.attributes
                0x000002ca       0x33 ..\obj\usb_dcd_int.o
 .ARM.attributes
                0x000002fd       0x33 ..\obj\usbd_cdc_core.o
 .ARM.attributes
                0x00000330       0x33 ..\obj\F4DiscoBoard.o
 .ARM.attributes
                0x00000363       0x33 ..\obj\stm32f4xx_exti.o
 .ARM.attributes
                0x00000396       0x33 ..\obj\misc.o
 .ARM.attributes
                0x000003c9       0x33 ..\obj\usb_dcd.o
 .ARM.attributes
                0x000003fc       0x33 ..\obj\usbd_ioreq.o

.debug_frame    0x00000000     0x2794
 .debug_frame   0x00000000      0x584 ..\obj\usb_core.o
 .debug_frame   0x00000584      0x118 ..\obj\usbd_usr.o
 .debug_frame   0x0000069c       0x4c ..\obj\startup_stm32f4xx.o
 .debug_frame   0x000006e8      0x210 ..\obj\usbd_core.o
 .debug_frame   0x000008f8      0x16c ..\obj\main.o
 .debug_frame   0x00000a64      0x6d4 ..\obj\stm32f4xx_rcc.o
 .debug_frame   0x00001138      0x114 ..\obj\usbd_desc.o
 .debug_frame   0x0000124c      0x1c4 ..\obj\tm_stm32f4_usb_vcp.o
 .debug_frame   0x00001410      0x23c ..\obj\stm32f4xx_gpio.o
 .debug_frame   0x0000164c      0x450 ..\obj\stm32f4xx_flash.o
 .debug_frame   0x00001a9c       0xc4 ..\obj\usbd_cdc_vcp.o
 .debug_frame   0x00001b60       0x7c ..\obj\system_stm32f4xx.o
 .debug_frame   0x00001bdc       0xdc ..\obj\usb_bsp.o
 .debug_frame   0x00001cb8      0x210 ..\obj\usbd_req.o
 .debug_frame   0x00001ec8      0x1e8 ..\obj\usb_dcd_int.o
 .debug_frame   0x000020b0      0x158 ..\obj\usbd_cdc_core.o
 .debug_frame   0x00002208       0x74 ..\obj\F4DiscoBoard.o
 .debug_frame   0x0000227c      0x148 ..\obj\stm32f4xx_exti.o
 .debug_frame   0x000023c4       0xd8 ..\obj\misc.o
 .debug_frame   0x0000249c      0x1e8 ..\obj\usb_dcd.o
 .debug_frame   0x00002684      0x110 ..\obj\usbd_ioreq.o
